--------------------------------------------------------------------------------
Release 10.1 Trace  (nt64)
Copyright (c) 1995-2008 Xilinx, Inc.  All rights reserved.

C:\Xilinx\10.1\ISE\bin\nt64\unwrapped\trce.exe -ise
C:/Users/Jerry Xu/Desktop/OTMB_2005/OTMB_2005.ise -intstyle ise -e 3 -s 5 -xml
Top Top.ncd -o Top.twr Top.pcf -ucf tmb_virtex2_pinout.ucf

Design file:              Top.ncd
Physical constraint file: Top.pcf
Device,package,speed:     xc2v4000,ff1152,-5 (PRODUCTION 1.121 2008-01-09, STEPPING level 0)
Report level:             error report

Environment Variable      Effect 
--------------------      ------ 
NONE                      No environment variables were set
--------------------------------------------------------------------------------

INFO:Timing:2698 - No timing constraints found, doing default enumeration.
INFO:Timing:2752 - To get complete path coverage, use the unconstrained paths 
   option. All paths that are not constrained will be reported in the 
   unconstrained paths section(s) of the report.
INFO:Timing:3339 - The clock-to-out numbers in this timing report are based on 
   a 50 Ohm transmission line loading model.  For the details of this model, 
   and for more information on accounting for different loading conditions, 
   please see the device datasheet.



Data Sheet report:
-----------------
All values displayed in nanoseconds (ns)

Clock tmb_clock0 to Pad
------------+------------+------------------+--------+
            | clk (edge) |                  | Clock  |
Destination |   to PAD   |Internal Clock(s) | Phase  |
------------+------------+------------------+--------+
led_fp<0>   |    9.349(R)|clk40             |   0.000|
led_fp<1>   |   10.274(R)|clk40             |   0.000|
------------+------------+------------------+--------+

Clock to Setup on destination clock tmb_clock0
---------------+---------+---------+---------+---------+
               | Src:Rise| Src:Fall| Src:Rise| Src:Fall|
Source Clock   |Dest:Rise|Dest:Rise|Dest:Fall|Dest:Fall|
---------------+---------+---------+---------+---------+
tmb_clock0     |    4.934|         |         |         |
---------------+---------+---------+---------+---------+


Analysis completed Fri Oct 11 17:09:34 2024 
--------------------------------------------------------------------------------

Trace Settings:
-------------------------
Trace Settings 

Peak Memory Usage: 227 MB



